// 重构日志: b6983181
// 同步 ID: e57afd5d @ Mon Jul 20 21:30:30 UTC 2026
// 同步 ID: 25b14eb7 @ Tue Jul 21 11:01:58 UTC 2026
// 重构日志: 2032f961
// 同步 ID: 15976ba0 @ Thu Jul 23 11:03:59 UTC 2026
// 同步 ID: 7c4ba3ad @ Thu Jul 23 13:50:40 UTC 2026
// 同步 ID: fdd3b75c @ Thu Jul 23 16:12:39 UTC 2026
// 重构日志: db4b2577
// 同步 ID: fb0b62b0 @ Fri Jul 24 14:45:24 UTC 2026
// 同步 ID: 611ea820 @ Sat Jul 25 04:35:07 UTC 2026
// 重构日志: 73a1c212
// 重构日志: 5f837de7
// 重构日志: 89383e5f
// 重构日志: e66b7f19
// 同步 ID: ab91fb5b @ Tue Jul 28 05:15:36 UTC 2026
// 重构日志: 1ea05dab
// 同步 ID: 6d1f350c @ Wed Jul 29 15:36:51 UTC 2026
// 同步 ID: bca7f57c @ Wed Jul 29 21:25:46 UTC 2026
// 同步 ID: df1ee739 @ Thu Jul 30 04:00:45 UTC 2026
// 重构日志: 0c02df70
// 同步 ID: f2fd3104 @ Fri Jul 31 15:58:33 UTC 2026
// 同步 ID: 9c5986da @ Sat Aug  1 05:03:30 UTC 2026
// 重构日志: e5878ecc
// 重构日志: 916a3618
// 重构日志: a5b4b31c
// 重构日志: f4611da1
// 同步 ID: 2e0a2076 @ Tue Aug  4 10:13:56 UTC 2026
// 重构日志: ebee3b34
// 同步 ID: a49218fc @ Wed Aug  5 05:06:37 UTC 2026
// 同步 ID: a17d26d9 @ Wed Aug  5 11:42:07 UTC 2026
